[backblue.gif]
[fade.gif]
[index.html]
[fashionteknology.com/index.html]
[adverifai.com/index.html]
[adverifai.com/wp-content/uploads/2017/11/fight_spam.png]
[lh3.googleusercontent.com/unnamed.png]
[lh3.googleusercontent.com/unnamed-2.png]
[adverifai.com/wp-content/uploads/2017/11/fake_rank.png]
[lh3.googleusercontent.com/unnamed-3.png]
[adverifai.com/wp-content/uploads/2017/11/augment_editors.png]
[adverifai.com/wp-content/themes/hestia/style4d86.css]
[adverifai.com/wp-content/plugins/jetpack/css/jetpackd96d.css]
[adverifai.com/wp-includes/js/jquery/jqueryb8ff.js]
[adverifai.com/wp-includes/js/jquery/jquery-migrate.min330a.js]
[adverifai.com/xmlrpc0db0.php]
[adverifai.com/wp-includes/wlwmanifest.xml]
[lh3.googleusercontent.com/unnamed-4.png]
[lh3.googleusercontent.com/unnamed-5.png]
[adverifai.com/wp-json/oembed/1.0/embeddf93.json]
[adverifai.com/wp-json/oembed/1.0/embed0191]
[adverifai.com/wp-content/uploads/2017/11/pexels-photo-355465.jpg]
[lh3.googleusercontent.com/unnamed-6.png]
[i1.wp.com/adverifai.com/wp-content/uploads/2017/11/cropped-logo0cdf.png]
[i1.wp.com/adverifai.com/wp-content/uploads/2017/11/fight_spam0353.png]
[i2.wp.com/adverifai.com/wp-content/uploads/2017/11/fake_rank0353.png]
[i1.wp.com/adverifai.com/wp-content/uploads/2017/11/augment_editors0353.png]
[adverifai.com/wp-content/uploads/2018/01/feOza3es1-300x300.jpg]
[adverifai.com/wp-content/uploads/2018/01/Business-Insider1-300x300.png]
[adverifai.com/wp-content/uploads/2018/01/edi_fb_default_logo1.png]
[adverifai.com/wp-content/themes/hestia/assets/img/contact.jpg]
[adverifai.com/wp-content/plugins/pirate-forms/public/css/front95b8.css]
[np.lexity.com/embed/YX/2f20365922a163cca72b419ea7f55936abbb.html]
[adverifai.com/wp-content/plugins/themeisle-companion/obfx_modules/elementor-widgets/js/obfx-grid5152.js]
[adverifai.com/wp-content/plugins/jetpack/modules/photon/photonb3d9.js]
[s0.wp.com/wp-content/js/devicepx-jetpack022a.js]
[adverifai.com/wp-includes/js/comment-reply.min5859.js]
[maxcdn.bootstrapcdn.com/index.html]
[adverifai.com/wp-content/themes/hestia/assets/bootstrap/js/bootstrap.minf269.js]
[adverifai.com/wp-content/themes/hestia/assets/js/materialf269.js]
[adverifai.com/wp-includes/js/jquery/ui/core.mine899.js]
[adverifai.com/wp-includes/js/wp-embed.min5859.js]
[adverifai.com/wp-content/themes/hestia/assets/js/scripts4d86.js]
[adverifai.com/wp-content/plugins/pirate-forms/public/js/scripts95b8.js]
[adverifai.com/wp-content/plugins/pirate-forms/public/js/scripts-general95b8.js]
[adverifai.com/feed/index.html]
[adverifai.com/comments/feed/index.html]
[adverifai.com/index.html]
[adverifai.com/wp-json/index.html]
[stats.wp.com/e-201802.js]
[fashionteknology.com/nature-vibe.html]
[np.lexity.com/embed/YX/2f20365922a163cca72b419ea7f55936abbb.html]
[gmpg.org/xfn/11.html]
[s0.wp.com/index.html]
[maxcdn.bootstrapcdn.com/index.html]
[fonts.googleapis.com/index.html]
[s.w.org/index.html]
[fonts.googleapis.com/css5736.css]
[v0.wordpress.com/index.html]
[i0.wp.com/index.html]
[i1.wp.com/index.html]
[i2.wp.com/index.html]
[adverifai.com/wp-content/plugins/elementor/assets/lib/eicons/css/elementor-icons.min4585.css]
[adverifai.com/wp-content/plugins/elementor/assets/css/animations.min4585.css]
[adverifai.com/wp-content/plugins/elementor/assets/css/frontend.min4585.css]
[adverifai.com/wp-content/uploads/elementor/css/post-57ef90.css]
[adverifai.com/wp-content/themes/hestia/assets/css/page-builder-style4d86.css]
[adverifai.com/wp-json/oembed/1.0/embed74e1.json]
[adverifai.com/wp-json/oembed/1.0/embedded8]
[adverifai.com/our-solution/index.html]
[i0.wp.com/adverifai.com/wp-content/uploads/2017/11/icons553a.png]
[adverifai.com/wp-content/uploads/elementor/css/post-1047a6f.css]
[adverifai.com/wp-json/oembed/1.0/embed8cb9.json]
[adverifai.com/technology/index.html]
[adverifai.com/wp-json/oembed/1.0/embedd53b]
[adverifai.com/wp-content/uploads/elementor/css/post-2b8c8.css]
[adverifai.com/sample-page/feed/index.html]
[adverifai.com/wp-json/oembed/1.0/embed88b1.json]
[adverifai.com/wp-json/oembed/1.0/embed0cdf]
[i1.wp.com/adverifai.com/wp-content/uploads/2017/11/Or_Levi0353.png]
[adverifai.com/sample-page/index.html]
[adverifai.com/wp-json/oembed/1.0/embedb5b3.json]
[adverifai.com/contact-us/index.html]
[gmpg.org/xfn/.html]
[gmpg.org/xfn/intro.html]
[gmpg.org/xfn/faq.html]
[adverifai.com/xmlrpc.php]
[adverifai.com/wp-json/oembed/1.0/embed4911]
[adverifai.com/index30d3.html]
[fashionteknology.com/css/common3400.css]
[fashionteknology.com/css/all_css.css]
[maxcdn.bootstrapcdn.com/font-awesome/4.7.0/css/font-awesome.min.css]
[fashionteknology.com/css/stripe_data_css.css]
[fashionteknology.com/css/fonts3400.css]
[code.jquery.com/jquery-2.x-git.min.js]
[fashionteknology.com/css/effects3400.css]
[fashionteknology.com/css/lightbox3400.css]
[s3.amazonaws.com/downloads.mailchimp.com/js/mc-validate.js]
[fashionteknology.com/css/spimeview3400.css]
[fashionteknology.com/images/socialmedia/8facebook.png]
[fashionteknology.com/css/static_style.css]
[fashionteknology.com/images/socialmedia/8twitter.png]
[fashionteknology.com/js/xprs_helper3400.js]
[lh3.googleusercontent.com/unnamed.png]
[imos005-dot-im--os.appspot.com/js/imos3400.js]
[lh3.googleusercontent.com/unnamed-2.png]
[fashionteknology.com/js/all_js.js]
[lh3.googleusercontent.com/unnamed-3.png]
[fashionteknology.com/js/lib/touchswipe/jquery.mobile.custom.min.js]
[cdn-images.mailchimp.com/embedcode/classic-10_7.css]
[fashionteknology.com/nature-vibe.html]
[fashionteknology.com/js/lightbox3400.js]
[adverifai.com/wp-content/uploads/2017/11/fight_spam.png]
[fashionteknology.com/js/spimeengine3400.js]
[adverifai.com/feed/index.html]
[adverifai.com/comments/feed/index.html]
[adverifai.com/wp-content/plugins/themeisle-companion/obfx_modules/elementor-widgets/css/public3cae.css]
[maxcdn.bootstrapcdn.com/font-awesome/4.7.0/css/font-awesome.min3cae.css]
[adverifai.com/wp-content/themes/hestia/assets/bootstrap/css/bootstrap.minf269.css]
[adverifai.com/wp-content/plugins/elementor/assets/lib/font-awesome/css/font-awesome.min1849.css]
[adverifai.com/wp-includes/js/jquery/jqueryb8ff.js]
[adverifai.com/wp-content/themes/hestia/style4d86.css]
[adverifai.com/wp-includes/js/jquery/jquery-migrate.min330a.js]
[adverifai.com/wp-content/plugins/jetpack/css/jetpackd96d.css]
[i1.wp.com/adverifai.com/wp-content/uploads/2017/11/cropped-logo0cdf.png]
[i1.wp.com/adverifai.com/wp-content/uploads/2017/11/fight_spam0353.png]
[adverifai.com/our-solution/index.html]
[adverifai.com/wp-content/plugins/themeisle-companion/obfx_modules/elementor-widgets/js/obfx-grid5152.js]
[adverifai.com/wp-content/plugins/pirate-forms/public/css/front95b8.css]
[adverifai.com/wp-includes/js/comment-reply.min5859.js]
[s0.wp.com/wp-content/js/devicepx-jetpack022a.js]
[adverifai.com/wp-json/oembed/1.0/embed74e1.json]
[stats.wp.com/e-201802.js]
[adverifai.com/wp-json/oembed/1.0/embedded8]
[gmpg.org/xfn/default.css]
[i0.wp.com/adverifai.com/wp-content/uploads/2017/11/icons553a.png]
[adverifai.com/wp-content/plugins/elementor/assets/lib/eicons/css/elementor-icons.min4585.css]
[adverifai.com/wp-json/oembed/1.0/embed8cb9.json]
[adverifai.com/wp-content/plugins/elementor/assets/css/animations.min4585.css]
[adverifai.com/wp-json/oembed/1.0/embedd53b]
[adverifai.com/wp-content/plugins/elementor/assets/css/frontend.min4585.css]
[adverifai.com/sample-page/feed/index.html]
[adverifai.com/wp-content/uploads/elementor/css/post-57ef90.css]
[lh3.googleusercontent.com/unnamed-4.png]
[adverifai.com/wp-content/themes/hestia/assets/css/page-builder-style4d86.css]
[adverifai.com/wp-json/oembed/1.0/embed88b1.json]
[adverifai.com/wp-content/uploads/elementor/css/post-1047a6f.css]
[adverifai.com/wp-json/oembed/1.0/embed0cdf]
[adverifai.com/xmlrpc.php]
[i1.wp.com/adverifai.com/wp-content/uploads/2017/11/Or_Levi0353.png]
[adverifai.com/wp-content/uploads/elementor/css/post-2b8c8.css]
[adverifai.com/wp-json/oembed/1.0/embedb5b3.json]
[adverifai.com/wp-content/uploads/2017/11/fake_rank.png]
[adverifai.com/wp-json/oembed/1.0/embed4911]
[adverifai.com/wp-content/uploads/2017/11/augment_editors.png]
[lh3.googleusercontent.com/unnamed-5.png]
[lh3.googleusercontent.com/unnamed-6.png]
[adverifai.com/wp-content/uploads/2017/11/pexels-photo-355465.jpg]
